// Jest Snapshot v1, https://goo.gl/fbAQLP

exports[`Matches snapshot 1`] = `
<DocumentFragment>
  <a
    class="Card"
    href="/post/test"
  >
    <img
      alt="paw"
      class="CardImage"
      src="blackpaw.png"
    />
    <p
      class="CardNameParagraph"
    >
      test
    </p>
  </a>
</DocumentFragment>
`;
