// Jest Snapshot v1, https://goo.gl/fbAQLP

exports[`Matches snapshot 1`] = `
<DocumentFragment>
  <div
    class="DetailsPageContainer"
  >
    <div
      class="DogDetails"
    >
      <div
        class="Loader Spinner"
      />
    </div>
  </div>
</DocumentFragment>
`;
