// Jest Snapshot v1, https://goo.gl/fbAQLP

exports[`Matches snapshot 1`] = `
<DocumentFragment>
  <h1
    class="Title "
  >
    test
  </h1>
</DocumentFragment>
`;
